2026-02-23 16:01:38,190 - aqt.main - INFO - installer 137809732059264 aqtinstall(aqt) v3.3.0 on Python 3.12.3 [CPython GCC 13.3.0]
2026-02-23 16:01:38,191 - aqt.main - ERROR - installer 137809732059264 Invalid version or SimpleSpec: '6.11].0'
See documentation at: https://python-semanticversion.readthedocs.io/en/latest/reference.html#semantic_version.SimpleSpec
Examples:
* "*": matches everything
* "5": matches every version with major=5
* "5.6": matches every version beginning with 5.6
* "5.*.3": matches versions with major=5 and patch=3
2026-02-23 16:01:43,415 - aqt.main - INFO - installer 140012256616576 aqtinstall(aqt) v3.3.0 on Python 3.12.3 [CPython GCC 13.3.0]
2026-02-23 16:01:43,416 - aqt.helper - DEBUG - helper 140012256616576 Attempt to download checksum at https://download.qt.io/online/qtsdkrepository/linux_x64/desktop/qt6_6110/qt6_6110/Updates.xml.sha256
2026-02-23 16:01:45,714 - aqt.helper - DEBUG - helper 140012256616576 Attempt to download checksum at https://download.qt.io/online/qtsdkrepository/linux_x64/extensions/qtwebengine/6110/x86_64/Updates.xml.sha256
2026-02-23 16:01:47,752 - aqt.archives - INFO - archives 140012256616576 Found extension qtwebengine
2026-02-23 16:01:47,753 - aqt.helper - DEBUG - helper 140012256616576 Attempt to download checksum at https://download.qt.io/online/qtsdkrepository/linux_x64/extensions/qtpdf/6110/x86_64/Updates.xml.sha256
2026-02-23 16:01:49,787 - aqt.archives - INFO - archives 140012256616576 Found extension qtpdf
2026-02-23 16:01:49,794 - aqt.main - ERROR - installer 140012256616576 The packages ['qt_base'] were not found while parsing XML of package information!
==============================Suggested follow-up:==============================
* Please use 'aqt list-qt linux desktop --arch 6.11.0' to show architectures available.
2026-02-23 16:04:07,213 - aqt.helper - DEBUG - helper 135637284446336 Attempt to download checksum at https://download.qt.io/online/qtsdkrepository/linux_x64/desktop/qt6_6110/qt6_6110/Updates.xml.sha256
2026-02-23 16:04:38,653 - aqt.main - INFO - installer 132634130956416 aqtinstall(aqt) v3.3.0 on Python 3.12.3 [CPython GCC 13.3.0]
2026-02-23 16:04:38,654 - aqt.helper - DEBUG - helper 132634130956416 Attempt to download checksum at https://download.qt.io/online/qtsdkrepository/linux_x64/desktop/qt6_683/qt6_683/Updates.xml.sha256
2026-02-23 16:04:40,881 - aqt.helper - DEBUG - helper 132634130956416 Attempt to download checksum at https://download.qt.io/online/qtsdkrepository/linux_x64/extensions/qtwebengine/683/x86_64/Updates.xml.sha256
2026-02-23 16:04:42,902 - aqt.archives - INFO - archives 132634130956416 Found extension qtwebengine
2026-02-23 16:04:42,903 - aqt.helper - DEBUG - helper 132634130956416 Attempt to download checksum at https://download.qt.io/online/qtsdkrepository/linux_x64/extensions/qtpdf/683/x86_64/Updates.xml.sha256
2026-02-23 16:04:44,904 - aqt.archives - INFO - archives 132634130956416 Found extension qtpdf
2026-02-23 16:04:44,912 - aqt.main - ERROR - installer 132634130956416 The packages ['qt_base'] were not found while parsing XML of package information!
==============================Suggested follow-up:==============================
* Please use 'aqt list-qt linux desktop --arch 6.8.3' to show architectures available.
2026-02-23 16:05:33,192 - aqt.main - INFO - installer 123708905148544 aqtinstall(aqt) v3.3.0 on Python 3.12.3 [CPython GCC 13.3.0]
2026-02-23 16:05:33,193 - aqt.helper - DEBUG - helper 123708905148544 Attempt to download checksum at https://download.qt.io/online/qtsdkrepository/linux_x64/desktop/qt6_6110/qt6_6110/Updates.xml.sha256
2026-02-23 16:05:35,485 - aqt.helper - DEBUG - helper 123708905148544 Attempt to download checksum at https://download.qt.io/online/qtsdkrepository/linux_x64/extensions/qtwebengine/6110/x86_64/Updates.xml.sha256
2026-02-23 16:05:37,512 - aqt.archives - INFO - archives 123708905148544 Found extension qtwebengine
2026-02-23 16:05:37,512 - aqt.helper - DEBUG - helper 123708905148544 Attempt to download checksum at https://download.qt.io/online/qtsdkrepository/linux_x64/extensions/qtpdf/6110/x86_64/Updates.xml.sha256
2026-02-23 16:05:39,526 - aqt.archives - INFO - archives 123708905148544 Found extension qtpdf
2026-02-23 16:05:39,899 - aqt.helper - DEBUG - helper 127278412144768 Attempt to download checksum at https://download.qt.io/online/qtsdkrepository/linux_x64/desktop/qt6_6110/qt6_6110/qt.qt6.6110.linux_gcc_64/6.11.0-0-202602121110qtbase-Linux-RHEL_9_6-GCC-Linux-RHEL_9_6-X86_64.7z.sha256
2026-02-23 16:05:39,899 - aqt.helper - DEBUG - helper 133121573335168 Attempt to download checksum at https://download.qt.io/online/qtsdkrepository/linux_x64/desktop/qt6_6110/qt6_6110/qt.qt6.6110.linux_gcc_64/6.11.0-0-202602121110qtsvg-Linux-RHEL_9_6-GCC-Linux-RHEL_9_6-X86_64.7z.sha256
2026-02-23 16:05:39,902 - aqt.helper - DEBUG - helper 139845972164736 Attempt to download checksum at https://download.qt.io/online/qtsdkrepository/linux_x64/desktop/qt6_6110/qt6_6110/qt.qt6.6110.linux_gcc_64/6.11.0-0-202602121110qtdeclarative-Linux-RHEL_9_6-GCC-Linux-RHEL_9_6-X86_64.7z.sha256
2026-02-23 16:05:39,906 - aqt.helper - DEBUG - helper 137937461735552 Attempt to download checksum at https://download.qt.io/online/qtsdkrepository/linux_x64/desktop/qt6_6110/qt6_6110/qt.qt6.6110.linux_gcc_64/6.11.0-0-202602121110qttools-Linux-RHEL_9_6-GCC-Linux-RHEL_9_6-X86_64.7z.sha256
2026-02-23 16:05:40,905 - aqt.helper - INFO - helper 133121573335168 Downloading qtsvg...
2026-02-23 16:05:40,906 - aqt.installer - DEBUG - installer 133121573335168 Download URL: https://download.qt.io/online/qtsdkrepository/linux_x64/desktop/qt6_6110/qt6_6110/qt.qt6.6110.linux_gcc_64/6.11.0-0-202602121110qtsvg-Linux-RHEL_9_6-GCC-Linux-RHEL_9_6-X86_64.7z
2026-02-23 16:05:40,912 - aqt.helper - INFO - helper 139845972164736 Downloading qtdeclarative...
2026-02-23 16:05:40,913 - aqt.installer - DEBUG - installer 139845972164736 Download URL: https://download.qt.io/online/qtsdkrepository/linux_x64/desktop/qt6_6110/qt6_6110/qt.qt6.6110.linux_gcc_64/6.11.0-0-202602121110qtdeclarative-Linux-RHEL_9_6-GCC-Linux-RHEL_9_6-X86_64.7z
2026-02-23 16:05:40,933 - aqt.helper - INFO - helper 137937461735552 Downloading qttools...
2026-02-23 16:05:40,933 - aqt.helper - INFO - helper 127278412144768 Downloading qtbase...
2026-02-23 16:05:40,934 - aqt.installer - DEBUG - installer 137937461735552 Download URL: https://download.qt.io/online/qtsdkrepository/linux_x64/desktop/qt6_6110/qt6_6110/qt.qt6.6110.linux_gcc_64/6.11.0-0-202602121110qttools-Linux-RHEL_9_6-GCC-Linux-RHEL_9_6-X86_64.7z
2026-02-23 16:05:40,934 - aqt.installer - DEBUG - installer 127278412144768 Download URL: https://download.qt.io/online/qtsdkrepository/linux_x64/desktop/qt6_6110/qt6_6110/qt.qt6.6110.linux_gcc_64/6.11.0-0-202602121110qtbase-Linux-RHEL_9_6-GCC-Linux-RHEL_9_6-X86_64.7z
2026-02-23 16:05:41,913 - aqt.helper - DEBUG - helper 133121573335168 Asked to redirect(302) to: https://qt.mirror.constant.com/online/qtsdkrepository/linux_x64/desktop/qt6_6110/qt6_6110/qt.qt6.6110.linux_gcc_64/6.11.0-0-202602121110qtsvg-Linux-RHEL_9_6-GCC-Linux-RHEL_9_6-X86_64.7z
2026-02-23 16:05:41,913 - aqt.helper - INFO - helper 133121573335168 Redirected: qt.mirror.constant.com
2026-02-23 16:05:41,916 - aqt.helper - DEBUG - helper 139845972164736 Asked to redirect(302) to: https://qt.mirror.constant.com/online/qtsdkrepository/linux_x64/desktop/qt6_6110/qt6_6110/qt.qt6.6110.linux_gcc_64/6.11.0-0-202602121110qtdeclarative-Linux-RHEL_9_6-GCC-Linux-RHEL_9_6-X86_64.7z
2026-02-23 16:05:41,916 - aqt.helper - INFO - helper 139845972164736 Redirected: qt.mirror.constant.com
2026-02-23 16:05:41,941 - aqt.helper - DEBUG - helper 137937461735552 Asked to redirect(302) to: https://qt.mirror.constant.com/online/qtsdkrepository/linux_x64/desktop/qt6_6110/qt6_6110/qt.qt6.6110.linux_gcc_64/6.11.0-0-202602121110qttools-Linux-RHEL_9_6-GCC-Linux-RHEL_9_6-X86_64.7z
2026-02-23 16:05:41,941 - aqt.helper - INFO - helper 137937461735552 Redirected: qt.mirror.constant.com
2026-02-23 16:05:41,942 - aqt.helper - DEBUG - helper 127278412144768 Asked to redirect(302) to: https://qt.mirror.constant.com/online/qtsdkrepository/linux_x64/desktop/qt6_6110/qt6_6110/qt.qt6.6110.linux_gcc_64/6.11.0-0-202602121110qtbase-Linux-RHEL_9_6-GCC-Linux-RHEL_9_6-X86_64.7z
2026-02-23 16:05:41,942 - aqt.helper - INFO - helper 127278412144768 Redirected: qt.mirror.constant.com
2026-02-23 16:05:43,844 - aqt.installer - INFO - installer 133121573335168 Finished installation of qtsvg-Linux-RHEL_9_6-GCC-Linux-RHEL_9_6-X86_64.7z in 3.94630005
2026-02-23 16:05:43,860 - aqt.helper - DEBUG - helper 133121573335168 Attempt to download checksum at https://download.qt.io/online/qtsdkrepository/linux_x64/desktop/qt6_6110/qt6_6110/qt.qt6.6110.linux_gcc_64/6.11.0-0-202602121110qttranslations-Linux-RHEL_9_6-GCC-Linux-RHEL_9_6-X86_64.7z.sha256
2026-02-23 16:05:44,894 - aqt.helper - INFO - helper 133121573335168 Downloading qttranslations...
2026-02-23 16:05:44,894 - aqt.installer - DEBUG - installer 133121573335168 Download URL: https://download.qt.io/online/qtsdkrepository/linux_x64/desktop/qt6_6110/qt6_6110/qt.qt6.6110.linux_gcc_64/6.11.0-0-202602121110qttranslations-Linux-RHEL_9_6-GCC-Linux-RHEL_9_6-X86_64.7z
2026-02-23 16:05:45,943 - aqt.helper - DEBUG - helper 133121573335168 Asked to redirect(302) to: https://qt.mirror.constant.com/online/qtsdkrepository/linux_x64/desktop/qt6_6110/qt6_6110/qt.qt6.6110.linux_gcc_64/6.11.0-0-202602121110qttranslations-Linux-RHEL_9_6-GCC-Linux-RHEL_9_6-X86_64.7z
2026-02-23 16:05:45,943 - aqt.helper - INFO - helper 133121573335168 Redirected: qt.mirror.constant.com
2026-02-23 16:05:48,887 - aqt.installer - INFO - installer 133121573335168 Finished installation of qttranslations-Linux-RHEL_9_6-GCC-Linux-RHEL_9_6-X86_64.7z in 5.02882769
2026-02-23 16:05:48,908 - aqt.helper - DEBUG - helper 133121573335168 Attempt to download checksum at https://download.qt.io/online/qtsdkrepository/linux_x64/desktop/qt6_6110/qt6_6110/qt.qt6.6110.linux_gcc_64/6.11.0-0-202602121110qtwayland-Linux-RHEL_9_6-GCC-Linux-RHEL_9_6-X86_64.7z.sha256
2026-02-23 16:05:49,404 - aqt.installer - INFO - installer 127278412144768 Finished installation of qtbase-Linux-RHEL_9_6-GCC-Linux-RHEL_9_6-X86_64.7z in 9.50720092
2026-02-23 16:05:49,436 - aqt.helper - DEBUG - helper 127278412144768 Attempt to download checksum at https://download.qt.io/online/qtsdkrepository/linux_x64/desktop/qt6_6110/qt6_6110/qt.qt6.6110.linux_gcc_64/6.11.0-0-202602121110icu-linux-Rhel8.6-x86_64.7z.sha256
2026-02-23 16:05:50,141 - aqt.helper - INFO - helper 133121573335168 Downloading qtwayland...
2026-02-23 16:05:50,141 - aqt.installer - DEBUG - installer 133121573335168 Download URL: https://download.qt.io/online/qtsdkrepository/linux_x64/desktop/qt6_6110/qt6_6110/qt.qt6.6110.linux_gcc_64/6.11.0-0-202602121110qtwayland-Linux-RHEL_9_6-GCC-Linux-RHEL_9_6-X86_64.7z
2026-02-23 16:05:50,464 - aqt.helper - INFO - helper 127278412144768 Downloading icu...
2026-02-23 16:05:50,464 - aqt.installer - DEBUG - installer 127278412144768 Download URL: https://download.qt.io/online/qtsdkrepository/linux_x64/desktop/qt6_6110/qt6_6110/qt.qt6.6110.linux_gcc_64/6.11.0-0-202602121110icu-linux-Rhel8.6-x86_64.7z
2026-02-23 16:05:50,579 - aqt.installer - INFO - installer 137937461735552 Finished installation of qttools-Linux-RHEL_9_6-GCC-Linux-RHEL_9_6-X86_64.7z in 10.67511442
2026-02-23 16:05:51,196 - aqt.helper - DEBUG - helper 133121573335168 Asked to redirect(302) to: https://qt.mirror.constant.com/online/qtsdkrepository/linux_x64/desktop/qt6_6110/qt6_6110/qt.qt6.6110.linux_gcc_64/6.11.0-0-202602121110qtwayland-Linux-RHEL_9_6-GCC-Linux-RHEL_9_6-X86_64.7z
2026-02-23 16:05:51,197 - aqt.helper - INFO - helper 133121573335168 Redirected: qt.mirror.constant.com
2026-02-23 16:05:51,595 - aqt.helper - DEBUG - helper 127278412144768 Asked to redirect(302) to: https://qt.mirror.constant.com/online/qtsdkrepository/linux_x64/desktop/qt6_6110/qt6_6110/qt.qt6.6110.linux_gcc_64/6.11.0-0-202602121110icu-linux-Rhel8.6-x86_64.7z
2026-02-23 16:05:51,976 - aqt.helper - INFO - helper 127278412144768 Redirected: qt.mirror.constant.com
2026-02-23 16:05:52,493 - aqt.installer - INFO - installer 133121573335168 Finished installation of qtwayland-Linux-RHEL_9_6-GCC-Linux-RHEL_9_6-X86_64.7z in 3.58699571
2026-02-23 16:05:54,792 - aqt.installer - INFO - installer 127278412144768 Finished installation of icu-linux-Rhel8.6-x86_64.7z in 5.35747444
2026-02-23 16:06:11,068 - aqt.installer - INFO - installer 139845972164736 Finished installation of qtdeclarative-Linux-RHEL_9_6-GCC-Linux-RHEL_9_6-X86_64.7z in 32.35381454
2026-02-23 16:06:11,192 - aqt.updater - INFO - updater 123708905148544 Patching /home/gustavomeira/Qt/6.11.0/gcc_64/bin/qmake
2026-02-23 16:06:11,196 - aqt.updater - INFO - updater 123708905148544 Patching /home/gustavomeira/Qt/6.11.0/gcc_64/lib/pkgconfig/Qt6LabsSettings.pc
2026-02-23 16:06:11,196 - aqt.updater - INFO - updater 123708905148544 Patching /home/gustavomeira/Qt/6.11.0/gcc_64/lib/pkgconfig/Qt6Help.pc
2026-02-23 16:06:11,197 - aqt.updater - INFO - updater 123708905148544 Patching /home/gustavomeira/Qt/6.11.0/gcc_64/lib/pkgconfig/Qt6QtQuickStyleKitImpl.pc
2026-02-23 16:06:11,197 - aqt.updater - INFO - updater 123708905148544 Patching /home/gustavomeira/Qt/6.11.0/gcc_64/lib/pkgconfig/Qt6QuickWidgets.pc
2026-02-23 16:06:11,197 - aqt.updater - INFO - updater 123708905148544 Patching /home/gustavomeira/Qt/6.11.0/gcc_64/lib/pkgconfig/Qt6QuickControls2UniversalStyleImpl.pc
2026-02-23 16:06:11,197 - aqt.updater - INFO - updater 123708905148544 Patching /home/gustavomeira/Qt/6.11.0/gcc_64/lib/pkgconfig/Qt6Designer.pc
2026-02-23 16:06:11,198 - aqt.updater - INFO - updater 123708905148544 Patching /home/gustavomeira/Qt/6.11.0/gcc_64/lib/pkgconfig/Qt6LabsSynchronizer.pc
2026-02-23 16:06:11,198 - aqt.updater - INFO - updater 123708905148544 Patching /home/gustavomeira/Qt/6.11.0/gcc_64/lib/pkgconfig/Qt6LabsFolderListModel.pc
2026-02-23 16:06:11,198 - aqt.updater - INFO - updater 123708905148544 Patching /home/gustavomeira/Qt/6.11.0/gcc_64/lib/pkgconfig/Qt6QuickControls2Basic.pc
2026-02-23 16:06:11,198 - aqt.updater - INFO - updater 123708905148544 Patching /home/gustavomeira/Qt/6.11.0/gcc_64/lib/pkgconfig/Qt6UiPlugin.pc
2026-02-23 16:06:11,199 - aqt.updater - INFO - updater 123708905148544 Patching /home/gustavomeira/Qt/6.11.0/gcc_64/lib/pkgconfig/Qt6QuickDialogs2Utils.pc
2026-02-23 16:06:11,199 - aqt.updater - INFO - updater 123708905148544 Patching /home/gustavomeira/Qt/6.11.0/gcc_64/lib/pkgconfig/Qt6QmlCore.pc
2026-02-23 16:06:11,199 - aqt.updater - INFO - updater 123708905148544 Patching /home/gustavomeira/Qt/6.11.0/gcc_64/lib/pkgconfig/Qt6QtQuickStyleKit.pc
2026-02-23 16:06:11,199 - aqt.updater - INFO - updater 123708905148544 Patching /home/gustavomeira/Qt/6.11.0/gcc_64/lib/pkgconfig/Qt6Test.pc
2026-02-23 16:06:11,200 - aqt.updater - INFO - updater 123708905148544 Patching /home/gustavomeira/Qt/6.11.0/gcc_64/lib/pkgconfig/Qt6Core.pc
2026-02-23 16:06:11,200 - aqt.updater - INFO - updater 123708905148544 Patching /home/gustavomeira/Qt/6.11.0/gcc_64/lib/pkgconfig/Qt6QuickDialogs2QuickImpl.pc
2026-02-23 16:06:11,200 - aqt.updater - INFO - updater 123708905148544 Patching /home/gustavomeira/Qt/6.11.0/gcc_64/lib/pkgconfig/Qt6LabsSharedImage.pc
2026-02-23 16:06:11,201 - aqt.updater - INFO - updater 123708905148544 Patching /home/gustavomeira/Qt/6.11.0/gcc_64/lib/pkgconfig/Qt6QmlXmlListModel.pc
2026-02-23 16:06:11,201 - aqt.updater - INFO - updater 123708905148544 Patching /home/gustavomeira/Qt/6.11.0/gcc_64/lib/pkgconfig/Qt6OpenGL.pc
2026-02-23 16:06:11,201 - aqt.updater - INFO - updater 123708905148544 Patching /home/gustavomeira/Qt/6.11.0/gcc_64/lib/pkgconfig/Qt6QuickVectorImageHelpers.pc
2026-02-23 16:06:11,201 - aqt.updater - INFO - updater 123708905148544 Patching /home/gustavomeira/Qt/6.11.0/gcc_64/lib/pkgconfig/Qt6Xml.pc
2026-02-23 16:06:11,202 - aqt.updater - INFO - updater 123708905148544 Patching /home/gustavomeira/Qt/6.11.0/gcc_64/lib/pkgconfig/Qt6QmlMeta.pc
2026-02-23 16:06:11,202 - aqt.updater - INFO - updater 123708905148544 Patching /home/gustavomeira/Qt/6.11.0/gcc_64/lib/pkgconfig/Qt6QmlIntegration.pc
2026-02-23 16:06:11,202 - aqt.updater - INFO - updater 123708905148544 Patching /home/gustavomeira/Qt/6.11.0/gcc_64/lib/pkgconfig/Qt6QuickShapes.pc
2026-02-23 16:06:11,202 - aqt.updater - INFO - updater 123708905148544 Patching /home/gustavomeira/Qt/6.11.0/gcc_64/lib/pkgconfig/Qt6QuickControls2Material.pc
2026-02-23 16:06:11,203 - aqt.updater - INFO - updater 123708905148544 Patching /home/gustavomeira/Qt/6.11.0/gcc_64/lib/pkgconfig/Qt6QuickLayouts.pc
2026-02-23 16:06:11,203 - aqt.updater - INFO - updater 123708905148544 Patching /home/gustavomeira/Qt/6.11.0/gcc_64/lib/pkgconfig/Qt6QuickControls2FluentWinUI3StyleImpl.pc
2026-02-23 16:06:11,203 - aqt.updater - INFO - updater 123708905148544 Patching /home/gustavomeira/Qt/6.11.0/gcc_64/lib/pkgconfig/Qt6QuickControls2.pc
2026-02-23 16:06:11,203 - aqt.updater - INFO - updater 123708905148544 Patching /home/gustavomeira/Qt/6.11.0/gcc_64/lib/pkgconfig/Qt6QmlModels.pc
2026-02-23 16:06:11,204 - aqt.updater - INFO - updater 123708905148544 Patching /home/gustavomeira/Qt/6.11.0/gcc_64/lib/pkgconfig/Qt6Widgets.pc
2026-02-23 16:06:11,204 - aqt.updater - INFO - updater 123708905148544 Patching /home/gustavomeira/Qt/6.11.0/gcc_64/lib/pkgconfig/Qt6QmlWorkerScript.pc
2026-02-23 16:06:11,204 - aqt.updater - INFO - updater 123708905148544 Patching /home/gustavomeira/Qt/6.11.0/gcc_64/lib/pkgconfig/Qt6LabsWavefrontMesh.pc
2026-02-23 16:06:11,205 - aqt.updater - INFO - updater 123708905148544 Patching /home/gustavomeira/Qt/6.11.0/gcc_64/lib/pkgconfig/Qt6Svg.pc
2026-02-23 16:06:11,205 - aqt.updater - INFO - updater 123708905148544 Patching /home/gustavomeira/Qt/6.11.0/gcc_64/lib/pkgconfig/Qt6QuickTemplates2.pc
2026-02-23 16:06:11,205 - aqt.updater - INFO - updater 123708905148544 Patching /home/gustavomeira/Qt/6.11.0/gcc_64/lib/pkgconfig/Qt6QuickControls2Fusion.pc
2026-02-23 16:06:11,206 - aqt.updater - INFO - updater 123708905148544 Patching /home/gustavomeira/Qt/6.11.0/gcc_64/lib/pkgconfig/Qt6QmlNetwork.pc
2026-02-23 16:06:11,206 - aqt.updater - INFO - updater 123708905148544 Patching /home/gustavomeira/Qt/6.11.0/gcc_64/lib/pkgconfig/Qt6LabsAnimation.pc
2026-02-23 16:06:11,206 - aqt.updater - INFO - updater 123708905148544 Patching /home/gustavomeira/Qt/6.11.0/gcc_64/lib/pkgconfig/Qt6OpenGLWidgets.pc
2026-02-23 16:06:11,207 - aqt.updater - INFO - updater 123708905148544 Patching /home/gustavomeira/Qt/6.11.0/gcc_64/lib/pkgconfig/Qt6QuickDialogs2.pc
2026-02-23 16:06:11,207 - aqt.updater - INFO - updater 123708905148544 Patching /home/gustavomeira/Qt/6.11.0/gcc_64/lib/pkgconfig/Qt6QuickControls2Impl.pc
2026-02-23 16:06:11,207 - aqt.updater - INFO - updater 123708905148544 Patching /home/gustavomeira/Qt/6.11.0/gcc_64/lib/pkgconfig/Qt6SvgWidgets.pc
2026-02-23 16:06:11,207 - aqt.updater - INFO - updater 123708905148544 Patching /home/gustavomeira/Qt/6.11.0/gcc_64/lib/pkgconfig/Qt6LabsPlatform.pc
2026-02-23 16:06:11,208 - aqt.updater - INFO - updater 123708905148544 Patching /home/gustavomeira/Qt/6.11.0/gcc_64/lib/pkgconfig/Qt6Qml.pc
2026-02-23 16:06:11,208 - aqt.updater - INFO - updater 123708905148544 Patching /home/gustavomeira/Qt/6.11.0/gcc_64/lib/pkgconfig/Qt6QuickEffects.pc
2026-02-23 16:06:11,208 - aqt.updater - INFO - updater 123708905148544 Patching /home/gustavomeira/Qt/6.11.0/gcc_64/lib/pkgconfig/Qt6QuickControls2FusionStyleImpl.pc
2026-02-23 16:06:11,209 - aqt.updater - INFO - updater 123708905148544 Patching /home/gustavomeira/Qt/6.11.0/gcc_64/lib/pkgconfig/Qt6Gui.pc
2026-02-23 16:06:11,209 - aqt.updater - INFO - updater 123708905148544 Patching /home/gustavomeira/Qt/6.11.0/gcc_64/lib/pkgconfig/Qt6QuickControls2BasicStyleImpl.pc
2026-02-23 16:06:11,209 - aqt.updater - INFO - updater 123708905148544 Patching /home/gustavomeira/Qt/6.11.0/gcc_64/lib/pkgconfig/Qt6QuickVectorImage.pc
2026-02-23 16:06:11,210 - aqt.updater - INFO - updater 123708905148544 Patching /home/gustavomeira/Qt/6.11.0/gcc_64/lib/pkgconfig/Qt6QuickControls2MaterialStyleImpl.pc
2026-02-23 16:06:11,210 - aqt.updater - INFO - updater 123708905148544 Patching /home/gustavomeira/Qt/6.11.0/gcc_64/lib/pkgconfig/Qt6UiTools.pc
2026-02-23 16:06:11,210 - aqt.updater - INFO - updater 123708905148544 Patching /home/gustavomeira/Qt/6.11.0/gcc_64/lib/pkgconfig/Qt6QuickControls2Universal.pc
2026-02-23 16:06:11,210 - aqt.updater - INFO - updater 123708905148544 Patching /home/gustavomeira/Qt/6.11.0/gcc_64/lib/pkgconfig/Qt6Network.pc
2026-02-23 16:06:11,211 - aqt.updater - INFO - updater 123708905148544 Patching /home/gustavomeira/Qt/6.11.0/gcc_64/lib/pkgconfig/Qt6Concurrent.pc
2026-02-23 16:06:11,211 - aqt.updater - INFO - updater 123708905148544 Patching /home/gustavomeira/Qt/6.11.0/gcc_64/lib/pkgconfig/Qt6Quick.pc
2026-02-23 16:06:11,211 - aqt.updater - INFO - updater 123708905148544 Patching /home/gustavomeira/Qt/6.11.0/gcc_64/lib/pkgconfig/Qt6QuickControls2Imagine.pc
2026-02-23 16:06:11,211 - aqt.updater - INFO - updater 123708905148544 Patching /home/gustavomeira/Qt/6.11.0/gcc_64/lib/pkgconfig/Qt6WaylandClient.pc
2026-02-23 16:06:11,212 - aqt.updater - INFO - updater 123708905148544 Patching /home/gustavomeira/Qt/6.11.0/gcc_64/lib/pkgconfig/Qt6QmlCompiler.pc
2026-02-23 16:06:11,212 - aqt.updater - INFO - updater 123708905148544 Patching /home/gustavomeira/Qt/6.11.0/gcc_64/lib/pkgconfig/Qt6LabsQmlModels.pc
2026-02-23 16:06:11,212 - aqt.updater - INFO - updater 123708905148544 Patching /home/gustavomeira/Qt/6.11.0/gcc_64/lib/pkgconfig/Qt6Linguist.pc
2026-02-23 16:06:11,213 - aqt.updater - INFO - updater 123708905148544 Patching /home/gustavomeira/Qt/6.11.0/gcc_64/lib/pkgconfig/Qt6QuickTest.pc
2026-02-23 16:06:11,213 - aqt.updater - INFO - updater 123708905148544 Patching /home/gustavomeira/Qt/6.11.0/gcc_64/lib/pkgconfig/Qt6Platform.pc
2026-02-23 16:06:11,213 - aqt.updater - INFO - updater 123708905148544 Patching /home/gustavomeira/Qt/6.11.0/gcc_64/lib/pkgconfig/Qt6QuickControls2ImagineStyleImpl.pc
2026-02-23 16:06:11,213 - aqt.updater - INFO - updater 123708905148544 Patching /home/gustavomeira/Qt/6.11.0/gcc_64/lib/pkgconfig/Qt6QmlLocalStorage.pc
2026-02-23 16:06:11,214 - aqt.updater - INFO - updater 123708905148544 Patching /home/gustavomeira/Qt/6.11.0/gcc_64/lib/pkgconfig/Qt6DBus.pc
2026-02-23 16:06:11,214 - aqt.updater - INFO - updater 123708905148544 Patching /home/gustavomeira/Qt/6.11.0/gcc_64/lib/pkgconfig/Qt6PrintSupport.pc
2026-02-23 16:06:11,214 - aqt.updater - INFO - updater 123708905148544 Patching /home/gustavomeira/Qt/6.11.0/gcc_64/lib/pkgconfig/Qt6Sql.pc
2026-02-23 16:06:11,215 - aqt.updater - INFO - updater 123708905148544 Patching /home/gustavomeira/Qt/6.11.0/gcc_64/lib/libQt6FbSupport.prl
2026-02-23 16:06:11,215 - aqt.updater - INFO - updater 123708905148544 Patching /home/gustavomeira/Qt/6.11.0/gcc_64/lib/libQt6QuickControls2FluentWinUI3StyleImpl.prl
2026-02-23 16:06:11,216 - aqt.updater - INFO - updater 123708905148544 Patching /home/gustavomeira/Qt/6.11.0/gcc_64/lib/libQt6Quick.prl
2026-02-23 16:06:11,216 - aqt.updater - INFO - updater 123708905148544 Patching /home/gustavomeira/Qt/6.11.0/gcc_64/lib/libQt6QuickControls2.prl
2026-02-23 16:06:11,216 - aqt.updater - INFO - updater 123708905148544 Patching /home/gustavomeira/Qt/6.11.0/gcc_64/lib/libQt6QuickControlsTestUtils.prl
2026-02-23 16:06:11,217 - aqt.updater - INFO - updater 123708905148544 Patching /home/gustavomeira/Qt/6.11.0/gcc_64/lib/libQt6Concurrent.prl
2026-02-23 16:06:11,217 - aqt.updater - INFO - updater 123708905148544 Patching /home/gustavomeira/Qt/6.11.0/gcc_64/lib/libQt6QmlWorkerScript.prl
2026-02-23 16:06:11,217 - aqt.updater - INFO - updater 123708905148544 Patching /home/gustavomeira/Qt/6.11.0/gcc_64/lib/libQt6QmlCore.prl
2026-02-23 16:06:11,218 - aqt.updater - INFO - updater 123708905148544 Patching /home/gustavomeira/Qt/6.11.0/gcc_64/lib/libQt6Help.prl
2026-02-23 16:06:11,218 - aqt.updater - INFO - updater 123708905148544 Patching /home/gustavomeira/Qt/6.11.0/gcc_64/lib/libQt6QuickEffects.prl
2026-02-23 16:06:11,218 - aqt.updater - INFO - updater 123708905148544 Patching /home/gustavomeira/Qt/6.11.0/gcc_64/lib/libQt6QuickControls2MaterialStyleImpl.prl
2026-02-23 16:06:11,218 - aqt.updater - INFO - updater 123708905148544 Patching /home/gustavomeira/Qt/6.11.0/gcc_64/lib/libQt6QuickDialogs2Utils.prl
2026-02-23 16:06:11,219 - aqt.updater - INFO - updater 123708905148544 Patching /home/gustavomeira/Qt/6.11.0/gcc_64/lib/libQt6QuickControls2UniversalStyleImpl.prl
2026-02-23 16:06:11,219 - aqt.updater - INFO - updater 123708905148544 Patching /home/gustavomeira/Qt/6.11.0/gcc_64/lib/libQt6EglFSDeviceIntegration.prl
2026-02-23 16:06:11,219 - aqt.updater - INFO - updater 123708905148544 Patching /home/gustavomeira/Qt/6.11.0/gcc_64/lib/libQt6QuickControls2Universal.prl
2026-02-23 16:06:11,219 - aqt.updater - INFO - updater 123708905148544 Patching /home/gustavomeira/Qt/6.11.0/gcc_64/lib/libQt6LabsSynchronizer.prl
2026-02-23 16:06:11,220 - aqt.updater - INFO - updater 123708905148544 Patching /home/gustavomeira/Qt/6.11.0/gcc_64/lib/libQt6PacketProtocol.prl
2026-02-23 16:06:11,220 - aqt.updater - INFO - updater 123708905148544 Patching /home/gustavomeira/Qt/6.11.0/gcc_64/lib/libQt6QmlFormat.prl
2026-02-23 16:06:11,220 - aqt.updater - INFO - updater 123708905148544 Patching /home/gustavomeira/Qt/6.11.0/gcc_64/lib/libQt6QmlMeta.prl
2026-02-23 16:06:11,221 - aqt.updater - INFO - updater 123708905148544 Patching /home/gustavomeira/Qt/6.11.0/gcc_64/lib/libQt6QuickShapes.prl
2026-02-23 16:06:11,221 - aqt.updater - INFO - updater 123708905148544 Patching /home/gustavomeira/Qt/6.11.0/gcc_64/lib/libQt6DesignerComponents.prl
2026-02-23 16:06:11,221 - aqt.updater - INFO - updater 123708905148544 Patching /home/gustavomeira/Qt/6.11.0/gcc_64/lib/libQt6QuickControls2Imagine.prl
2026-02-23 16:06:11,222 - aqt.updater - INFO - updater 123708905148544 Patching /home/gustavomeira/Qt/6.11.0/gcc_64/lib/libQt6InputSupport.prl
2026-02-23 16:06:11,222 - aqt.updater - INFO - updater 123708905148544 Patching /home/gustavomeira/Qt/6.11.0/gcc_64/lib/libQt6WlShellIntegration.prl
2026-02-23 16:06:11,222 - aqt.updater - INFO - updater 123708905148544 Patching /home/gustavomeira/Qt/6.11.0/gcc_64/lib/libQt6OpenGLWidgets.prl
2026-02-23 16:06:11,223 - aqt.updater - INFO - updater 123708905148544 Patching /home/gustavomeira/Qt/6.11.0/gcc_64/lib/libQt6Network.prl
2026-02-23 16:06:11,223 - aqt.updater - INFO - updater 123708905148544 Patching /home/gustavomeira/Qt/6.11.0/gcc_64/lib/libQt6QuickControls2Fusion.prl
2026-02-23 16:06:11,223 - aqt.updater - INFO - updater 123708905148544 Patching /home/gustavomeira/Qt/6.11.0/gcc_64/lib/libQt6Core.prl
2026-02-23 16:06:11,224 - aqt.updater - INFO - updater 123708905148544 Patching /home/gustavomeira/Qt/6.11.0/gcc_64/lib/libQt6Widgets.prl
2026-02-23 16:06:11,224 - aqt.updater - INFO - updater 123708905148544 Patching /home/gustavomeira/Qt/6.11.0/gcc_64/lib/libQt6LabsQmlModels.prl
2026-02-23 16:06:11,224 - aqt.updater - INFO - updater 123708905148544 Patching /home/gustavomeira/Qt/6.11.0/gcc_64/lib/libQt6EglFsKmsGbmSupport.prl
2026-02-23 16:06:11,225 - aqt.updater - INFO - updater 123708905148544 Patching /home/gustavomeira/Qt/6.11.0/gcc_64/lib/libQt6QuickLayouts.prl
2026-02-23 16:06:11,225 - aqt.updater - INFO - updater 123708905148544 Patching /home/gustavomeira/Qt/6.11.0/gcc_64/lib/libQt6LabsSharedImage.prl
2026-02-23 16:06:11,225 - aqt.updater - INFO - updater 123708905148544 Patching /home/gustavomeira/Qt/6.11.0/gcc_64/lib/libQt6QmlToolingSettings.prl
2026-02-23 16:06:11,225 - aqt.updater - INFO - updater 123708905148544 Patching /home/gustavomeira/Qt/6.11.0/gcc_64/lib/libQt6DeviceDiscoverySupport.prl
2026-02-23 16:06:11,226 - aqt.updater - INFO - updater 123708905148544 Patching /home/gustavomeira/Qt/6.11.0/gcc_64/lib/libQt6QuickTest.prl
2026-02-23 16:06:11,226 - aqt.updater - INFO - updater 123708905148544 Patching /home/gustavomeira/Qt/6.11.0/gcc_64/lib/libQt6QuickWidgets.prl
2026-02-23 16:06:11,226 - aqt.updater - INFO - updater 123708905148544 Patching /home/gustavomeira/Qt/6.11.0/gcc_64/lib/libQt6Designer.prl
2026-02-23 16:06:11,227 - aqt.updater - INFO - updater 123708905148544 Patching /home/gustavomeira/Qt/6.11.0/gcc_64/lib/libQt6QmlTypeRegistrar.prl
2026-02-23 16:06:11,227 - aqt.updater - INFO - updater 123708905148544 Patching /home/gustavomeira/Qt/6.11.0/gcc_64/lib/libQt6LabsAnimation.prl
2026-02-23 16:06:11,227 - aqt.updater - INFO - updater 123708905148544 Patching /home/gustavomeira/Qt/6.11.0/gcc_64/lib/libQt6QmlXmlListModel.prl
2026-02-23 16:06:11,227 - aqt.updater - INFO - updater 123708905148544 Patching /home/gustavomeira/Qt/6.11.0/gcc_64/lib/libQt6Test.prl
2026-02-23 16:06:11,228 - aqt.updater - INFO - updater 123708905148544 Patching /home/gustavomeira/Qt/6.11.0/gcc_64/lib/libQt6QuickShapesDesignHelpers.prl
2026-02-23 16:06:11,228 - aqt.updater - INFO - updater 123708905148544 Patching /home/gustavomeira/Qt/6.11.0/gcc_64/lib/libQt6QuickDialogs2.prl
2026-02-23 16:06:11,229 - aqt.updater - INFO - updater 123708905148544 Patching /home/gustavomeira/Qt/6.11.0/gcc_64/lib/libQt6LabsPlatform.prl
2026-02-23 16:06:11,229 - aqt.updater - INFO - updater 123708905148544 Patching /home/gustavomeira/Qt/6.11.0/gcc_64/lib/libQt6Svg.prl
2026-02-23 16:06:11,229 - aqt.updater - INFO - updater 123708905148544 Patching /home/gustavomeira/Qt/6.11.0/gcc_64/lib/libQt6QtQuickStyleKitImpl.prl
2026-02-23 16:06:11,230 - aqt.updater - INFO - updater 123708905148544 Patching /home/gustavomeira/Qt/6.11.0/gcc_64/lib/libQt6QuickTemplates2.prl
2026-02-23 16:06:11,230 - aqt.updater - INFO - updater 123708905148544 Patching /home/gustavomeira/Qt/6.11.0/gcc_64/lib/libQt6QuickDialogs2QuickImpl.prl
2026-02-23 16:06:11,230 - aqt.updater - INFO - updater 123708905148544 Patching /home/gustavomeira/Qt/6.11.0/gcc_64/lib/libQt6Gui.prl
2026-02-23 16:06:11,231 - aqt.updater - INFO - updater 123708905148544 Patching /home/gustavomeira/Qt/6.11.0/gcc_64/lib/libQt6QuickControls2FusionStyleImpl.prl
2026-02-23 16:06:11,231 - aqt.updater - INFO - updater 123708905148544 Patching /home/gustavomeira/Qt/6.11.0/gcc_64/lib/libQt6SvgWidgets.prl
2026-02-23 16:06:11,231 - aqt.updater - INFO - updater 123708905148544 Patching /home/gustavomeira/Qt/6.11.0/gcc_64/lib/libQt6QuickControls2Basic.prl
2026-02-23 16:06:11,232 - aqt.updater - INFO - updater 123708905148544 Patching /home/gustavomeira/Qt/6.11.0/gcc_64/lib/libQt6QmlDom.prl
2026-02-23 16:06:11,232 - aqt.updater - INFO - updater 123708905148544 Patching /home/gustavomeira/Qt/6.11.0/gcc_64/lib/libQt6LabsSettings.prl
2026-02-23 16:06:11,232 - aqt.updater - INFO - updater 123708905148544 Patching /home/gustavomeira/Qt/6.11.0/gcc_64/lib/libQt6PrintSupport.prl
2026-02-23 16:06:11,233 - aqt.updater - INFO - updater 123708905148544 Patching /home/gustavomeira/Qt/6.11.0/gcc_64/lib/libQt6QmlCompiler.prl
2026-02-23 16:06:11,233 - aqt.updater - INFO - updater 123708905148544 Patching /home/gustavomeira/Qt/6.11.0/gcc_64/lib/libQt6Qml.prl
2026-02-23 16:06:11,233 - aqt.updater - INFO - updater 123708905148544 Patching /home/gustavomeira/Qt/6.11.0/gcc_64/lib/libQt6QuickVectorImage.prl
2026-02-23 16:06:11,234 - aqt.updater - INFO - updater 123708905148544 Patching /home/gustavomeira/Qt/6.11.0/gcc_64/lib/libQt6LabsFolderListModel.prl
2026-02-23 16:06:11,234 - aqt.updater - INFO - updater 123708905148544 Patching /home/gustavomeira/Qt/6.11.0/gcc_64/lib/libQt6QuickControls2Material.prl
2026-02-23 16:06:11,234 - aqt.updater - INFO - updater 123708905148544 Patching /home/gustavomeira/Qt/6.11.0/gcc_64/lib/libQt6QmlDebug.prl
2026-02-23 16:06:11,235 - aqt.updater - INFO - updater 123708905148544 Patching /home/gustavomeira/Qt/6.11.0/gcc_64/lib/libQt6WaylandClient.prl
2026-02-23 16:06:11,235 - aqt.updater - INFO - updater 123708905148544 Patching /home/gustavomeira/Qt/6.11.0/gcc_64/lib/libQt6QmlModels.prl
2026-02-23 16:06:11,235 - aqt.updater - INFO - updater 123708905148544 Patching /home/gustavomeira/Qt/6.11.0/gcc_64/lib/libQt6EglFsKmsSupport.prl
2026-02-23 16:06:11,235 - aqt.updater - INFO - updater 123708905148544 Patching /home/gustavomeira/Qt/6.11.0/gcc_64/lib/libQt6QuickParticles.prl
2026-02-23 16:06:11,236 - aqt.updater - INFO - updater 123708905148544 Patching /home/gustavomeira/Qt/6.11.0/gcc_64/lib/libQt6UiTools.prl
2026-02-23 16:06:11,236 - aqt.updater - INFO - updater 123708905148544 Patching /home/gustavomeira/Qt/6.11.0/gcc_64/lib/libQt6QmlLocalStorage.prl
2026-02-23 16:06:11,237 - aqt.updater - INFO - updater 123708905148544 Patching /home/gustavomeira/Qt/6.11.0/gcc_64/lib/libQt6QuickVectorImageGenerator.prl
2026-02-23 16:06:11,237 - aqt.updater - INFO - updater 123708905148544 Patching /home/gustavomeira/Qt/6.11.0/gcc_64/lib/libQt6QuickTestUtils.prl
2026-02-23 16:06:11,237 - aqt.updater - INFO - updater 123708905148544 Patching /home/gustavomeira/Qt/6.11.0/gcc_64/lib/libQt6KmsSupport.prl
2026-02-23 16:06:11,237 - aqt.updater - INFO - updater 123708905148544 Patching /home/gustavomeira/Qt/6.11.0/gcc_64/lib/libQt6OpenGL.prl
2026-02-23 16:06:11,238 - aqt.updater - INFO - updater 123708905148544 Patching /home/gustavomeira/Qt/6.11.0/gcc_64/lib/libQt6QuickControls2Impl.prl
2026-02-23 16:06:11,238 - aqt.updater - INFO - updater 123708905148544 Patching /home/gustavomeira/Qt/6.11.0/gcc_64/lib/libQt6QmlNetwork.prl
2026-02-23 16:06:11,238 - aqt.updater - INFO - updater 123708905148544 Patching /home/gustavomeira/Qt/6.11.0/gcc_64/lib/libQt6QuickVectorImageHelpers.prl
2026-02-23 16:06:11,239 - aqt.updater - INFO - updater 123708905148544 Patching /home/gustavomeira/Qt/6.11.0/gcc_64/lib/libQt6XcbQpa.prl
2026-02-23 16:06:11,239 - aqt.updater - INFO - updater 123708905148544 Patching /home/gustavomeira/Qt/6.11.0/gcc_64/lib/libQt6QtQuickStyleKit.prl
2026-02-23 16:06:11,239 - aqt.updater - INFO - updater 123708905148544 Patching /home/gustavomeira/Qt/6.11.0/gcc_64/lib/libQt6LabsWavefrontMesh.prl
2026-02-23 16:06:11,240 - aqt.updater - INFO - updater 123708905148544 Patching /home/gustavomeira/Qt/6.11.0/gcc_64/lib/libQt6QuickControls2BasicStyleImpl.prl
2026-02-23 16:06:11,240 - aqt.updater - INFO - updater 123708905148544 Patching /home/gustavomeira/Qt/6.11.0/gcc_64/lib/libQt6DBus.prl
2026-02-23 16:06:11,240 - aqt.updater - INFO - updater 123708905148544 Patching /home/gustavomeira/Qt/6.11.0/gcc_64/lib/libQt6QuickControls2ImagineStyleImpl.prl
2026-02-23 16:06:11,240 - aqt.updater - INFO - updater 123708905148544 Patching /home/gustavomeira/Qt/6.11.0/gcc_64/lib/libQt6QmlLS.prl
2026-02-23 16:06:11,241 - aqt.updater - INFO - updater 123708905148544 Patching /home/gustavomeira/Qt/6.11.0/gcc_64/lib/libQt6Xml.prl
2026-02-23 16:06:11,241 - aqt.updater - INFO - updater 123708905148544 Patching /home/gustavomeira/Qt/6.11.0/gcc_64/lib/libQt6Sql.prl
2026-02-23 16:06:11,241 - aqt.main - INFO - installer 123708905148544 Finished installation
2026-02-23 16:06:11,241 - aqt.main - INFO - installer 123708905148544 Time elapsed: 39.23463827 second
